Downloading https://services.gradle.org/distributions/gradle-8.2.1-all.zip
..................10%..................20%...................30%..................40%...................50%..................60%..................70%...................80%..................90%...................100%

Welcome to Gradle 8.2.1!

Here are the highlights of this release:
 - Kotlin DSL: new reference documentation, assignment syntax by default
 - Kotlin DSL is now the default with Gradle init
 - Improved suggestions to resolve errors in console output
 - Reduced sync memory consumption

For more details see https://docs.gradle.org/8.2.1/release-notes.html

Starting a Gradle Daemon (subsequent builds will be faster)

> Configure project :app
WARNING: The option setting 'android.jetifier.ignorelist=bcprov-jdk18on' is experimental.
WARNING: Using flatDir should be avoided because it doesn't support any meta-data formats.

FAILURE: Build failed with an exception.

* What went wrong:
A problem occurred configuring project ':capacitor-android'.
> java.util.concurrent.ExecutionException: org.gradle.api.GradleException: Failed to create Jar file /home/runner/.gradle/caches/jars-9/18366b31678c0171857be093a3b8ec22/bcprov-jdk18on-1.79.jar.

* Try:
> Run with --stacktrace option to get the stack trace.
> Run with --info or --debug option to get more log output.
> Run with --scan to get full insights.
> Get more help at https://help.gradle.org.

BUILD FAILED in 36s
